?   	solaris-matchmaking/cmd/admin	[no test files]
?   	solaris-matchmaking/cmd/api	[no test files]
?   	solaris-matchmaking/cmd/seed	[no test files]
?   	solaris-matchmaking/internal/db	[no test files]
=== RUN   TestHealthEndpoint
--- PASS: TestHealthEndpoint (0.10s)
=== RUN   TestRegisterPlayerAndCreateLobbyFlow
--- PASS: TestRegisterPlayerAndCreateLobbyFlow (0.16s)
=== RUN   TestCreateLobbyFailsForUnknownHostPlayer
--- PASS: TestCreateLobbyFailsForUnknownHostPlayer (0.09s)
=== RUN   TestMissionConditionsOnlyForCasualLobbies
--- PASS: TestMissionConditionsOnlyForCasualLobbies (0.16s)
=== RUN   TestAdminSetRankAndDeleteLobbyAndPlayer
--- PASS: TestAdminSetRankAndDeleteLobbyAndPlayer (0.28s)
=== RUN   TestNonAdminCannotCallAdminEndpoints
--- PASS: TestNonAdminCannotCallAdminEndpoints (0.27s)
=== RUN   TestCasualLobbyReadyAndFinishGivesExperience
--- PASS: TestCasualLobbyReadyAndFinishGivesExperience (0.34s)
=== RUN   TestGetPlayerFactionExperienceWithPaginationAndSort
--- PASS: TestGetPlayerFactionExperienceWithPaginationAndSort (0.26s)
=== RUN   TestRankedResultAppliesGlickoOnce
--- PASS: TestRankedResultAppliesGlickoOnce (0.34s)
PASS
ok  	solaris-matchmaking/internal/httpapi	2.558s
